// Jest Snapshot v1, https://goo.gl/fbAQLP

exports[`FormContainer renders without crashing 1`] = `
<div>
  <form
    id="article-form"
  >
    <div
      class="form-group"
    >
      <label
        for="seo_title"
      >
        SEO title
      </label>
      <input
        class="form-control"
        id="seo_title"
        required=""
        type="text"
        value=""
      />
    </div>
  </form>
</div>
`;
